Error: spawn EPERM
    at ChildProcess.spawn (node:internal/child_process:420:11)
    at Object.spawn (node:child_process:786:9)
    at baseOpen (file:///C:/Users/ngaremuki/OneDrive%20-%20NESTLE/Documents/Misc/Code%20files/Repositories/FormMate/node_modules/vite/dist/node/chunks/dep-D4NMHUTW.js:26487:36)
[2m3:06:39 PM[22m [31m[1m[vite][22m[39m Pre-transform error: spawn EPERM
[2m7:13:21 PM[22m [31m[1m[vite][22m[39m Pre-transform error: spawn EPERM
[2m7:13:21 PM[22m [31m[1m[vite][22m[39m [31mInternal server error: spawn EPERM[39m
      at ChildProcess.spawn (node:internal/child_process:420:11)
      at spawn (node:child_process:786:9)
      at Object.execFile (node:child_process:349:17)
      at exec (node:child_process:236:25)
      at optimizeSafeRealPathSync (file:///C:/Users/ngaremuki/OneDrive%20-%20NESTLE/Documents/Misc/Code%20files/Repositories/FormMate/node_modules/vite/dist/node/chunks/dep-D4NMHUTW.js:6938:3)
      at windowsSafeRealPathSync (file:///C:/Users/ngaremuki/OneDrive%20-%20NESTLE/Documents/Misc/Code%20files/Repositories/FormMate/node_modules/vite/dist/node/chunks/dep-D4NMHUTW.js:6919:5)
      at getRealPath (file:///C:/Users/ngaremuki/OneDrive%20-%20NESTLE/Documents/Misc/Code%20files/Repositories/FormMate/node_modules/vite/dist/node/chunks/dep-D4NMHUTW.js:16363:16)
      at tryResolveRealFileOrType (file:///C:/Users/ngaremuki/OneDrive%20-%20NESTLE/Documents/Misc/Code%20files/Repositories/FormMate/node_modules/vite/dist/node/chunks/dep-D4NMHUTW.js:16354:20)
      at tryCleanFsResolve (file:///C:/Users/ngaremuki/OneDrive%20-%20NESTLE/Documents/Misc/Code%20files/Repositories/FormMate/node_modules/vite/dist/node/chunks/dep-D4NMHUTW.js:15954:22)
      at tryFsResolve (file:///C:/Users/ngaremuki/OneDrive%20-%20NESTLE/Documents/Misc/Code%20files/Repositories/FormMate/node_modules/vite/dist/node/chunks/dep-D4NMHUTW.js:15947:15)
[2m7:14:28 PM[22m [31m[1m[vite][22m[39m Pre-transform error: spawn EPERM
[2m7:14:29 PM[22m [31m[1m[vite][22m[39m [31mInternal server error: spawn EPERM[39m
      at ChildProcess.spawn (node:internal/child_process:420:11)
      at spawn (node:child_process:786:9)
      at Object.execFile (node:child_process:349:17)
      at exec (node:child_process:236:25)
      at optimizeSafeRealPathSync (file:///C:/Users/ngaremuki/OneDrive%20-%20NESTLE/Documents/Misc/Code%20files/Repositories/FormMate/node_modules/vite/dist/node/chunks/dep-D4NMHUTW.js:6938:3)
      at windowsSafeRealPathSync (file:///C:/Users/ngaremuki/OneDrive%20-%20NESTLE/Documents/Misc/Code%20files/Repositories/FormMate/node_modules/vite/dist/node/chunks/dep-D4NMHUTW.js:6919:5)
      at getRealPath (file:///C:/Users/ngaremuki/OneDrive%20-%20NESTLE/Documents/Misc/Code%20files/Repositories/FormMate/node_modules/vite/dist/node/chunks/dep-D4NMHUTW.js:16363:16)
      at tryResolveRealFileOrType (file:///C:/Users/ngaremuki/OneDrive%20-%20NESTLE/Documents/Misc/Code%20files/Repositories/FormMate/node_modules/vite/dist/node/chunks/dep-D4NMHUTW.js:16354:20)
      at tryCleanFsResolve (file:///C:/Users/ngaremuki/OneDrive%20-%20NESTLE/Documents/Misc/Code%20files/Repositories/FormMate/node_modules/vite/dist/node/chunks/dep-D4NMHUTW.js:15954:22)
      at tryFsResolve (file:///C:/Users/ngaremuki/OneDrive%20-%20NESTLE/Documents/Misc/Code%20files/Repositories/FormMate/node_modules/vite/dist/node/chunks/dep-D4NMHUTW.js:15947:15)
[2m7:19:02 PM[22m [31m[1m[vite][22m[39m Pre-transform error: spawn EPERM
[2m7:19:02 PM[22m [31m[1m[vite][22m[39m [31mInternal server error: spawn EPERM[39m
      at ChildProcess.spawn (node:internal/child_process:420:11)
      at spawn (node:child_process:786:9)
      at Object.execFile (node:child_process:349:17)
      at exec (node:child_process:236:25)
      at optimizeSafeRealPathSync (file:///C:/Users/ngaremuki/OneDrive%20-%20NESTLE/Documents/Misc/Code%20files/Repositories/FormMate/node_modules/vite/dist/node/chunks/dep-D4NMHUTW.js:6938:3)
      at windowsSafeRealPathSync (file:///C:/Users/ngaremuki/OneDrive%20-%20NESTLE/Documents/Misc/Code%20files/Repositories/FormMate/node_modules/vite/dist/node/chunks/dep-D4NMHUTW.js:6919:5)
      at getRealPath (file:///C:/Users/ngaremuki/OneDrive%20-%20NESTLE/Documents/Misc/Code%20files/Repositories/FormMate/node_modules/vite/dist/node/chunks/dep-D4NMHUTW.js:16363:16)
      at tryResolveRealFileOrType (file:///C:/Users/ngaremuki/OneDrive%20-%20NESTLE/Documents/Misc/Code%20files/Repositories/FormMate/node_modules/vite/dist/node/chunks/dep-D4NMHUTW.js:16354:20)
      at tryCleanFsResolve (file:///C:/Users/ngaremuki/OneDrive%20-%20NESTLE/Documents/Misc/Code%20files/Repositories/FormMate/node_modules/vite/dist/node/chunks/dep-D4NMHUTW.js:15954:22)
      at tryFsResolve (file:///C:/Users/ngaremuki/OneDrive%20-%20NESTLE/Documents/Misc/Code%20files/Repositories/FormMate/node_modules/vite/dist/node/chunks/dep-D4NMHUTW.js:15947:15)
[31mError: EPERM: operation not permitted, unlink 'C:\Users\ngaremuki\OneDrive - NESTLE\Documents\Misc\Code files\Repositories\FormMate\node_modules\.vite\deps\chunk-BUSYA2B4.js'[39m
Error: [31m  Failed to scan for dependencies from entries:
  C:/Users/ngaremuki/OneDrive - NESTLE/Documents/Misc/Code files/Repositories/FormMate/index.html
C:/Users/ngaremuki/OneDrive - NESTLE/Documents/Misc/Code files/Repositories/FormMate/mock-google-form.html
C:/Users/ngaremuki/OneDrive - NESTLE/Documents/Misc/Code files/Repositories/FormMate/fixtures/aria-fallback-form.html
C:/Users/ngaremuki/OneDrive - NESTLE/Documents/Misc/Code files/Repositories/FormMate/fixtures/auth-wall.html
C:/Users/ngaremuki/OneDrive - NESTLE/Documents/Misc/Code files/Repositories/FormMate/fixtures/grouped-inputs-form.html
C:/Users/ngaremuki/OneDrive - NESTLE/Documents/Misc/Code files/Repositories/FormMate/fixtures/js-shell-stray-input.html
C:/Users/ngaremuki/OneDrive - NESTLE/Documents/Misc/Code files/Repositories/FormMate/fixtures/js-shell.html
C:/Users/ngaremuki/OneDrive - NESTLE/Documents/Misc/Code files/Repositories/FormMate/fixtures/label-for-form.html
C:/Users/ngaremuki/OneDrive - NESTLE/Documents/Misc/Code files/Repositories/FormMate/fixtures/required-select-form.html
C:/Users/ngaremuki/OneDrive - NESTLE/Documents/Misc/Code files/Repositories/FormMate/fixtures/shared-container-form.html
C:/Users/ngaremuki/OneDrive - NESTLE/Documents/Misc/Code files/Repositories/FormMate/stitch_landing_input_screen/ai_assistant_panel/code.html
C:/Users/ngaremuki/OneDrive - NESTLE/Documents/Misc/Code files/Repositories/FormMate/stitch_landing_input_screen/analysis_loading_state/code.html
C:/Users/ngaremuki/OneDrive - NESTLE/Documents/Misc/Code files/Repositories/FormMate/stitch_landing_input_screen/landing_input_screen/code.html
C:/Users/ngaremuki/OneDrive - NESTLE/Documents/Misc/Code files/Repositories/FormMate/stitch_landing_input_screen/question_card_detail/code.html
C:/Users/ngaremuki/OneDrive - NESTLE/Documents/Misc/Code files/Repositories/FormMate/stitch_landing_input_screen/main_workspace/code.html
C:/Users/ngaremuki/OneDrive - NESTLE/Documents/Misc/Code files/Repositories/FormMate/stitch_landing_input_screen/review_confirmation/code.html
C:/Users/ngaremuki/OneDrive - NESTLE/Documents/Misc/Code files/Repositories/FormMate/stitch_landing_input_screen/success_confirmation/code.html
C:/Users/ngaremuki/OneDrive - NESTLE/Documents/Misc/Code files/Repositories/FormMate/stitch_landing_input_screen/stitch_landing_input_screen/ai_assistant_panel/code.html
C:/Users/ngaremuki/OneDrive - NESTLE/Documents/Misc/Code files/Repositories/FormMate/stitch_landing_input_screen/stitch_landing_input_screen/analysis_loading_state/code.html
C:/Users/ngaremuki/OneDrive - NESTLE/Documents/Misc/Code files/Repositories/FormMate/stitch_landing_input_screen/stitch_landing_input_screen/landing_input_screen/code.html
C:/Users/ngaremuki/OneDrive - NESTLE/Documents/Misc/Code files/Repositories/FormMate/stitch_landing_input_screen/stitch_landing_input_screen/main_workspace/code.html
C:/Users/ngaremuki/OneDrive - NESTLE/Documents/Misc/Code files/Repositories/FormMate/stitch_landing_input_screen/stitch_landing_input_screen/question_card_detail/code.html
C:/Users/ngaremuki/OneDrive - NESTLE/Documents/Misc/Code files/Repositories/FormMate/stitch_landing_input_screen/stitch_landing_input_screen/review_confirmation/code.html
C:/Users/ngaremuki/OneDrive - NESTLE/Documents/Misc/Code files/Repositories/FormMate/stitch_landing_input_screen/stitch_landing_input_screen/success_confirmation/code.html

  [39mspawn EPERM
    at ChildProcess.spawn (node:internal/child_process:420:11)
    at Object.spawn (node:child_process:786:9)
    at ensureServiceIsRunning (C:\Users\ngaremuki\OneDrive - NESTLE\Documents\Misc\Code files\Repositories\FormMate\node_modules\esbuild\lib\main.js:1978:29)
    at Object.context (C:\Users\ngaremuki\OneDrive - NESTLE\Documents\Misc\Code files\Repositories\FormMate\node_modules\esbuild\lib\main.js:1877:33)
    at prepareEsbuildScanner (file:///C:/Users/ngaremuki/OneDrive%20-%20NESTLE/Documents/Misc/Code%20files/Repositories/FormMate/node_modules/vite/dist/node/chunks/dep-D4NMHUTW.js:14266:24)
    at async file:///C:/Users/ngaremuki/OneDrive%20-%20NESTLE/Documents/Misc/Code%20files/Repositories/FormMate/node_modules/vite/dist/node/chunks/dep-D4NMHUTW.js:47014:28
[2m10:19:54 AM[22m [31m[1m[vite][22m[39m [31m[2m(client)[22m[39m [31merror while updating dependencies:
Error: spawn EPERM
    at ChildProcess.spawn (node:internal/child_process:420:11)
    at Object.spawn (node:child_process:786:9)
    at ensureServiceIsRunning (C:\Users\ngaremuki\OneDrive - NESTLE\Documents\Misc\Code files\Repositories\FormMate\node_modules\esbuild\lib\main.js:1978:29)
    at Object.context (C:\Users\ngaremuki\OneDrive - NESTLE\Documents\Misc\Code files\Repositories\FormMate\node_modules\esbuild\lib\main.js:1877:33)
    at prepareEsbuildOptimizerRun (file:///C:/Users/ngaremuki/OneDrive%20-%20NESTLE/Documents/Misc/Code%20files/Repositories/FormMate/node_modules/vite/dist/node/chunks/dep-D4NMHUTW.js:15122:33)[39m
[33m(!) Experimental optimizeDeps.disabled and deps pre-bundling during build were removed in Vite 5.1.
    To disable the deps optimizer, set optimizeDeps.noDiscovery to true and optimizeDeps.include as undefined or empty.
    Please remove optimizeDeps.disabled from your config.
    
  [39m
[31mError: spawn EPERM[39m
[31mError: spawn EPERM[39m
